Album "All the World's a Stage" 1976  "Mercury" AAD
 "Bastille Day"                         1   4:49	  
 "Anthem"                               2   4:57
 "Fly By Night                          3   2:09
 "In the Mood"                          3   2:26
 "Something for Nothing"                4   4:04
 "Lakeside Park"                     		5   5:06
 "2112"			                            6  15:51
 "By-Tor & the Snow Dog"		            7  12:01
 "In the End"				                    8   7:15
 "Working Man"				                  9   4:05
 "Finding My Way"			                  9  10:15
Album "A Farewell to Kings" 1977  "Mercury" AAD
 "A Farewell to Kings"			            1   5:51
 "Xanadu"			 	                        2  11:08
 "Closer to the Heart"			            3   2:53
 "Cinderella Man"			                  4   4:21
 "Madrigal"				                      5   2:35
 "Cygnus X-1"				                    6  10:25
Album "2112" 1976  "Mercury" AAD
 "2112"					                        1  20:34
 "A Passage to Bangkok"			            2   3:34
 "The Twilight Zone"			              3   3:17
 "Lessons"				                      4   3:51
 "Tears"				                        5   3:31
 "Something for Nothing"		            6   3:59
Album "Fly By Night" 1975  "Mercury" AAD
 "Anthem"				                        1   4:22
 "Best I Can"				                    2   3:25
 "Beneath, Between and Behind"		      3   3:02
 "By-Tor and the Snow Dog"		          4   8:37
 "Fly By Night"				                  5   3:21
 "Making Memories"			                6   2:58
 "Rivendell"				                    7   4:57
 "In the End"				                    8   6:47
Album "Caress of Steel" 1975  "Mercury" AAD
 "Bastille Day"				                  1   4:37
 "I Think I'm Going Bald"		            2   3:37
 "Lakeside Park"			                  3   4:08
 "The Necromancer"			                4  12:30
 "The Fountain of Lamneth"		          5  19:59
Album "Hemispheres" 1978  "Mercury"  AAD
 "Cygnus X-1 Book II"			              1  18:05
 "Circumstances"			                  2   3:41
 "The Trees"				                    3   4:46
 "La Villa Strangiato"			            4   9:35
Album "Grace Under Pressure" 1984  "Mercury" AAD
 "Distant Early Warning"		            1   4:59
 "Afterimage"				                    2   5:04
 "Red Sector A"				                  3   5:10
 "The Enemy Within"			                4   4:34
 "The Body Electric"			              5   5:00
 "Kid Gloves"				                    6   4:18
 "Red Lenses"				                    7   4:42
 "Between the Wheels"			              8   5:44
Album "Permanent Waves" 1980  "Mercury" AAD
 "Spirit of Radio"       		            1   4:47
 "Freewill"				                      2   5:23
 "Jacob's Ladder"			                  3   7:28
 "Entre Nous"				                    4   4:37
 "Different Strings"			              5   3:49
 "Natural Science"			                6   9:16
Album "Exit ... Stage Left" 1981 "Mercury" AAD
 "Spirit of Radio"			                1   5:12
 "Red Barchetta"			                  2   6:48
 "YYZ"					                        3   7:44
 "Closer to the Heart"			            4   3:09
 "Beneath, Between and Behind"		      5   2:34
 "Jacob's Ladder"			                  6   8:47
 "Broon's Bane"				                  7   1:37
 "The Trees"				                    8   4:50
 "Xanadu"				                        9  12:10
 "Freewill"			                       10   5:33
 "Tom Sawyer"			                     11   5:01
 "La Villa Strangiato"		             12   9:38
Album "Moving Pictures" 1981 "Mercury" ADD
 "Tom Sawyer"				                    1   4:33
 "Red Barchetta"			                  2   6:06
 "Yyz"					                        3   4:24
 "Limelight"				                    4   4:19
 "The Camera Eye"			                  5  10:56
 "Witch Hunt"				                    6   4:43
 "Vital Signs"				                  7   4:43
Album "Power Windows" 1985 "Mercury" DDD
 "The Big Money"			                  1   5:36
 "Grand Designs"			                  2   5:05
 "Manhattan Project"			              3   5:05
 "Marathon"				                      4   6:09
 "Territories"				                  5   6:19
 "Middletown Dreams"			              6   5:15
 "Emotion Detector"			                7   5:10
 "Mystic Rhythms"			                  8   5:54
Album "Hold Your Fire" 1987 "Mercury" DDD
 "Force Ten"				                    1   4:28
 "Time Stand Still"			                2   5:07
 "Open Secrets"				                  3   5:37
 "Second Nature"			                  4   4:35
 "Prime Mover"				                  5   5:19
 "Lock and Key"				                  6   5:08
 "Mission"				                      7   5:15
 "Turn the Page"		                    8   4:53
 "Tai Shan"				                      9   4:14
 "High Water"			                     10   5:32
Album "Roll the Bones" 1991 "Anthem" DDD
 "Dreamline"				                    1   4:38
 "Bravado"				                      2   4:35
 "Roll the Bones"			                  3   5:30
 "Face Up"				                      4   3:54
 "Where's my Thing?"			              5   3:49
 "The Big Wheel"			                  6   5:13
 "Heresy"				                        7   5:26
 "Ghost of a Chance"			              8   5:19
 "Neurotica"				                    9   4:40
 "You Bet Your Life"		               10   5:00
Album "Presto" 1989 "Anthem" DDD
 "Show Don't Tell"			                1   5:01
 "Chain Lightning"			                2   4:33
 "The Pass"				                      3   4:51
 "War Paint"				                    4   5:24
 "Scars"				                        5   4:07
 "Presto"			                          6   5:45
 "Superconductor"			                  7   4:47
 "Anagram"				                      8   4:00
 "Red Tide"				                      9   4:29
 "Hand Over Fist"		                   10   4:11
 "Available Light"		                 11   5:03
Album "A Show of Hands" 1989 "Mercury" ADD
 "Intro"				                        1   0:53
 "The Big Money"			                  2   5:52
 "Subdivisions"				                  3   5:19
 "Marathon"				                      4   6:32
 "Turn the Page"			                  5   4:40
 "Manhatten Project"			              6   5:00
 "Mission"				                      7   5:44
 "Distant Early Warning"		            8   5:18
 "Mystic Rhythms"			                  9   5:32
 "Witch Hunt"			                     10   3:55
 "The Rhythm Method"		               11   4:34
 "Force Ten"			                     12   4:50
 "Time Stand Still"		                 13   5:10
 "Red Sector A"			                   14   5:12
 "Closer to the Heart"		             15   4:53
Album "Signals" 1982 "Mercury" ADD
 "Subdivisions"				                  1   5:33
 "The Analog Kid"			                  2   4:46
 "Chemistry"				                    3   4:56
 "Digital Man"				                  4   6:20
 "The Weapon"				                    5   6:22
 "New World Man"			                  6   3:41
 "Losing It"				                    7   4:51
 "Countdown"				                    8   5:49